[stderr] INFO:     Started server process [17312]
[stderr] INFO:     Waiting for application startup.
[stderr] INFO:     Application startup complete.
[stderr] INFO:     Uvicorn running on http://127.0.0.1:8765 (Press CTRL+C to quit)
INFO:     127.0.0.1:4230 - "GET /health HTTP/1.1" 200 OK
[stderr] INFO:     ('127.0.0.1', 4241) - "WebSocket /ws" [accepted]
[stderr] 2026-08-19 18:43:41 INFO     [codeboarding_pro.ws.server:258] WebSocket connected: session 1b3c7b91-6c03-49c0-8aac-46d0630cd97d
[stderr] INFO:     connection open
[stderr] 2026-08-19 18:43:52 INFO     [tool_registry.manifest:320] has_required_tools: csharp missing or stale at C:\Users\HomePC\.codeboarding\servers\bin\win\pm-tools\csharp-ls\csharp-ls.exe
[stderr] 2026-08-19 18:43:53 INFO     [tool_registry.manifest:320] has_required_tools: csharp missing or stale at C:\Users\HomePC\.codeboarding\servers\bin\win\pm-tools\csharp-ls\csharp-ls.exe
[stderr] 2026-08-19 18:43:54 INFO     [tool_registry.installers:451] Installing Node.js packages: ['pyright@1.1.400', 'typescript-language-server@4.3.4', 'typescript@5.7', 'intelephense@1.16.5']
[stderr] 2026-08-19 18:46:24 ERROR    [tool_registry.installers:467] Node.js package installation failed
[stderr] Traceback (most recent call last):
[stderr]   File "tool_registry\installers.py", line 457, in install_node_tools
[stderr]   File "subprocess.py", line 571, in run
[stderr] subprocess.CalledProcessError: Command '['C:\\Program Files\\nodejs\\npm.CMD', 'install', 'pyright@1.1.400', 'typescript-language-server@4.3.4', 'typescript@5.7', 'intelephense@1.16.5']' returned non-zero exit status 1.
[stderr] 2026-08-19 18:46:24 INFO     [tool_registry.installers:225]   tokei: already installed, skipping
[stderr] 2026-08-19 18:46:24 INFO     [tool_registry.installers:225]   gopls: already installed, skipping
[stderr] 2026-08-19 18:46:24 INFO     [tool_registry.installers:225]   rust-analyzer: already installed, skipping
[stderr] 2026-08-19 18:46:34 INFO     [tool_registry.installers:489] java already installed
[stderr] 2026-08-19 18:46:34 WARNING  [tool_registry.installers:397]   csharp-ls: dotnet install failed (exit 2147516561): The command could not be loaded, possibly because:
[stderr]   * You intended to execute a .NET application:
[stderr]       The application 'tool' does not exist.
[stderr]   * You intended to execute a .NET SDK command:
[stderr]       No .NET SDKs were found.
[stderr] 
[stderr] Download a .NET SDK:
[stderr] https://aka.ms/dotnet/download
[stderr] 
[stderr] Learn about SDK resolution:
[stderr] https://aka.ms/dotnet/sdk-not-found
[stderr] 
[stderr] 2026-08-19 18:46:35 INFO     [static_analyzer.java_utils:115] Using JAVA_HOME Java 25 at C:\Program Files\Eclipse Adoptium\jdk-25.0.2.10-hotspot
[stderr] 2026-08-19 18:46:35 INFO     [codeboarding_pro.lsp.bootstrap:56] LSP startup attempt 1/3
[stderr] 2026-08-19 18:46:35 INFO     [codeboarding_pro.session:183] Session 1b3c7b91-6c03-49c0-8aac-46d0630cd97d initialized: repo=D:\skybalam-26-bol-V3.2\skybalam-26-bol-V3.2, project=skybalam-26-bol-V3.2, output=D:\skybalam-26-bol-V3.2\skybalam-26-bol-V3.2\.codeboarding
[stderr] 2026-08-19 18:46:59 INFO     [static_analyzer.typescript_config_scanner:82] Found 2 TypeScript project(s) in repository (212 total files across all projects)
[stderr] 2026-08-19 18:46:59 INFO     [static_analyzer:104] Creating engine config for JavaScript at repo root (212 files across 2 tsconfig project(s): ., bol-ledger)
[stderr] 2026-08-19 18:47:06 INFO     [static_analyzer.typescript_config_scanner:82] Found 2 TypeScript project(s) in repository (212 total files across all projects)
[stderr] 2026-08-19 18:47:06 INFO     [static_analyzer:104] Creating engine config for TypeScript at repo root (212 files across 2 tsconfig project(s): ., bol-ledger)
[stderr] 2026-08-19 18:47:06 INFO     [static_analyzer:238] Starting engine LSP client for JavaScript at D:\skybalam-26-bol-V3.2\skybalam-26-bol-V3.2
[stderr] 2026-08-19 18:47:08 INFO     [static_analyzer:263] JavaScript LSP start: 2.5s
[stderr] 2026-08-19 18:47:08 INFO     [static_analyzer:238] Starting engine LSP client for Python at D:\skybalam-26-bol-V3.2\skybalam-26-bol-V3.2
[stderr] 2026-08-19 18:47:11 INFO     [static_analyzer:263] Python LSP start: 3.0s
[stderr] 2026-08-19 18:47:11 INFO     [static_analyzer:238] Starting engine LSP client for TypeScript at D:\skybalam-26-bol-V3.2\skybalam-26-bol-V3.2
[stderr] 2026-08-19 18:47:15 INFO     [static_analyzer:263] TypeScript LSP start: 3.5s
[stderr] 2026-08-19 18:47:15 INFO     [static_analyzer:238] Starting engine LSP client for TypeScript at D:\skybalam-26-bol-V3.2\skybalam-26-bol-V3.2
[stderr] 2026-08-19 18:47:17 INFO     [static_analyzer:263] TypeScript LSP start: 2.2s
[stderr] 2026-08-19 18:47:17 INFO     [codeboarding_pro.file_monitor:106] FileMonitor started for D:\skybalam-26-bol-V3.2\skybalam-26-bol-V3.2
[stderr] 2026-08-19 18:47:17 INFO     [codeboarding_pro.session:202] Session 1b3c7b91-6c03-49c0-8aac-46d0630cd97d: FileMonitor activated
[stderr] 2026-08-19 18:47:17 INFO     [codeboarding_pro.session:243] Session 1b3c7b91-6c03-49c0-8aac-46d0630cd97d: LSP wiring complete
[stderr] 2026-08-19 18:47:17 INFO     [codeboarding_pro.lsp.bootstrap:67] LSP clients started successfully (attempt 1)
[stderr] 2026-08-19 18:55:23 INFO     [codeboarding_pro.ws.server:385] WebSocket disconnected: session 1b3c7b91-6c03-49c0-8aac-46d0630cd97d
[stderr] 2026-08-19 18:55:23 INFO     [codeboarding_pro.file_monitor:120] FileMonitor stopped
[stderr] 2026-08-19 18:55:31 INFO     [codeboarding_pro.session:298] Session 1b3c7b91-6c03-49c0-8aac-46d0630cd97d destroyed
[stderr] INFO:     connection closed
[stderr] 2026-08-19 18:56:01 INFO     [codeboarding_pro.ws.server:118] No active connections for 37s (threshold 30s). Shutting down.
Step: npm check started
Step: npm check finished: success (version 11.12.1)
Step: Node.js servers installation started
Step: TypeScript Language Server installation finished: success
Step: Pyright Language Server installation finished: success
Step: Intelephense installation finished: success
Step: Binary download started
  tokei: verification passed
  gopls: verification passed
  rust-analyzer: verification passed
Step: Binary download finished
Step: JDTLS download started
Step: JDTLS download finished
Step: Package-manager tool installation started
  csharp-ls: not installed (dotnet unavailable or install failed)
Step: Package-manager tool installation finished
Step: Language support summary
  - go: yes
  - python: yes
  - typescript: yes
  - javascript: yes
  - php: yes
  - csharp: no
    reason: csharp-ls not installed (dotnet unavailable or install failed)
  - java: yes
  - rust: no
    reason: cargo not found; Rust call-graph analysis requires a working Cargo toolchain
Server exited (code=0, signal=null)
